
> angular@0.0.0 start
> ng serve --host 0.0.0.0  --no-hmr --disable-host-check --port 3000

Warning: Running a server with --disable-host-check is a security risk. See https://medium.com/webpack/webpack-dev-server-middleware-security-issues-1489d950874a for more information.
The "disableHostCheck" option will not be used because it is not supported by the "@angular-devkit/build-angular:application" builder.
❯ Building...
✔ Building...
Browser bundles     
Initial chunk files  | Names            |  Raw size
polyfills.js         | polyfills        |  90.20 kB | 
main.js              | main             |  22.59 kB | 
styles.css           | styles           |  95 bytes | 

                     | Initial total    | 112.88 kB


Server bundles      
Initial chunk files  | Names            |  Raw size
polyfills.server.mjs | polyfills.server | 572.91 kB | 
chunk-6XEG6CM6.mjs   | -                |  23.02 kB | 
server.mjs           | server           |   1.39 kB | 
main.server.mjs      | main.server      | 800 bytes | 

Application bundle generation complete. [2.229 seconds]

Watch mode enabled. Watching for file changes...
NOTE: Raw file sizes do not reflect development server per-request transformations.
  ➜  Local:   http://localhost:3000/
  ➜  Network: http://172.17.0.2:3000/
❯ Changes detected. Rebuilding...
✔ Changes detected. Rebuilding...
Browser bundles    
Initial chunk files | Names       |  Raw size
main.js             | main        |  30.46 kB | 


Server bundles     
Initial chunk files | Names       |  Raw size
chunk-4AB3VGI6.mjs  | -           |  30.89 kB | 
server.mjs          | server      |   1.39 kB | 
main.server.mjs     | main.server | 800 bytes | 

Application bundle generation complete. [0.935 seconds]

Page reload sent to client(s).
❯ Changes detected. Rebuilding...
✔ Changes detected. Rebuilding...
Browser bundles    
Initial chunk files | Names       |  Raw size
main.js             | main        |   9.43 kB | 


Server bundles     
Initial chunk files | Names       |  Raw size
chunk-PXL37YMG.mjs  | -           |   9.90 kB | 
server.mjs          | server      |   1.39 kB | 
main.server.mjs     | main.server | 800 bytes | 

Application bundle generation complete. [0.832 seconds]

▲ [WARNING] TS-998113: TicTacToeComponent is not used within the template of AppComponent [plugin angular-compiler]

    src/app/app.component.ts:8:26:
      8 │   imports: [RouterOutlet, TicTacToeComponent],
        ╵                           ~~~~~~~~~~~~~~~~~~


Page reload sent to client(s).
❯ Changes detected. Rebuilding...
✔ Changes detected. Rebuilding...
Browser bundles    
Initial chunk files | Names       |  Raw size
main.js             | main        |   9.62 kB | 


Server bundles     
Initial chunk files | Names       |  Raw size
chunk-OY5LX5OP.mjs  | -           |  10.09 kB | 
server.mjs          | server      |   1.39 kB | 
main.server.mjs     | main.server | 800 bytes | 

Application bundle generation complete. [0.285 seconds]

▲ [WARNING] TS-998113: TicTacToeComponent is not used within the template of AppComponent [plugin angular-compiler]

    src/app/app.component.ts:8:26:
      8 │   imports: [RouterOutlet, TicTacToeComponent],
        ╵                           ~~~~~~~~~~~~~~~~~~


Page reload sent to client(s).
❯ Changes detected. Rebuilding...
✔ Changes detected. Rebuilding...
Initial chunk files | Names  |  Raw size
styles.css          | styles | 227 bytes | 

Application bundle generation complete. [0.023 seconds]

▲ [WARNING] TS-998113: TicTacToeComponent is not used within the template of AppComponent [plugin angular-compiler]

    src/app/app.component.ts:8:26:
      8 │   imports: [RouterOutlet, TicTacToeComponent],
        ╵                           ~~~~~~~~~~~~~~~~~~


Page reload sent to client(s).
❯ Changes detected. Rebuilding...
✔ Changes detected. Rebuilding...
Browser bundles    
Initial chunk files | Names       |  Raw size
main.js             | main        |   9.63 kB | 


Server bundles     
Initial chunk files | Names       |  Raw size
chunk-VXZVFNQ6.mjs  | -           |  10.09 kB | 
server.mjs          | server      |   1.39 kB | 
main.server.mjs     | main.server | 800 bytes | 

Application bundle generation complete. [7.348 seconds]

▲ [WARNING] TS-998113: RouterOutlet is not used within the template of AppComponent [plugin angular-compiler]

    src/app/app.component.ts:8:12:
      8 │   imports: [RouterOutlet, TicTacToeComponent],
        ╵             ~~~~~~~~~~~~


Page reload sent to client(s).
❯ Changes detected. Rebuilding...
✔ Changes detected. Rebuilding...
Browser bundles    
Initial chunk files | Names       |  Raw size
main.js             | main        |   9.47 kB | 


Server bundles     
Initial chunk files | Names       |  Raw size
chunk-DLW3LJ36.mjs  | -           |   9.94 kB | 
server.mjs          | server      |   1.39 kB | 
main.server.mjs     | main.server | 800 bytes | 

Application bundle generation complete. [1.785 seconds]

▲ [WARNING] TS-998113: RouterOutlet is not used within the template of AppComponent [plugin angular-compiler]

    src/app/app.component.ts:8:12:
      8 │   imports: [RouterOutlet, TicTacToeComponent],
        ╵             ~~~~~~~~~~~~


Page reload sent to client(s).
